// Jest Snapshot v1, https://goo.gl/fbAQLP

exports[`AppTitle 1`] = `
<div
  className="sc-bdfBwQ gkBfKD"
>
  成功！
</div>
`;
